// Vitest Snapshot v1, https://vitest.dev/guide/snapshot.html

exports[`Sidebar > should match snapshot 1`] = `
<DocumentFragment>
  <button
    aria-label="Меню"
    class="chakra-button css-1gl56ns"
    type="button"
  >
    <svg
      fill="none"
      height="1em"
      stroke="currentColor"
      stroke-linecap="round"
      stroke-linejoin="round"
      stroke-width="2"
      viewBox="0 0 24 24"
      width="1em"
      xmlns="http://www.w3.org/2000/svg"
    >
      <line
        x1="3"
        x2="21"
        y1="12"
        y2="12"
      />
      <line
        x1="3"
        x2="21"
        y1="6"
        y2="6"
      />
      <line
        x1="3"
        x2="21"
        y1="18"
        y2="18"
      />
    </svg>
  </button>
  <div
    class="css-t3z4mn"
  >
    <div
      class="chakra-stack css-hoixsk"
    >
      <p
        class="css-16i4mgu"
      >
        Аналіз витрат
      </p>
      <button
        aria-label="Закрити меню"
        class="chakra-button css-1b8uc3g"
        type="button"
      >
        <svg
          fill="none"
          height="1em"
          stroke="currentColor"
          stroke-linecap="round"
          stroke-linejoin="round"
          stroke-width="2"
          viewBox="0 0 24 24"
          width="1em"
          xmlns="http://www.w3.org/2000/svg"
        >
          <line
            x1="18"
            x2="6"
            y1="6"
            y2="18"
          />
          <line
            x1="6"
            x2="18"
            y1="6"
            y2="18"
          />
        </svg>
      </button>
    </div>
    <div
      class="css-44c6y4"
    >
      <a
        aria-current="page"
        class="active"
        data-discover="true"
        href="/"
      >
        <div
          class="chakra-stack css-gpqhb7"
        >
          <svg
            fill="none"
            height="1em"
            stroke="currentColor"
            stroke-linecap="round"
            stroke-linejoin="round"
            stroke-width="2"
            viewBox="0 0 24 24"
            width="1em"
            xmlns="http://www.w3.org/2000/svg"
          >
            <rect
              height="7"
              width="7"
              x="3"
              y="3"
            />
            <rect
              height="7"
              width="7"
              x="14"
              y="3"
            />
            <rect
              height="7"
              width="7"
              x="14"
              y="14"
            />
            <rect
              height="7"
              width="7"
              x="3"
              y="14"
            />
          </svg>
          <p>
            Огляд
          </p>
        </div>
      </a>
      <a
        class=""
        data-discover="true"
        href="/transactions"
      >
        <div
          class="chakra-stack css-oekfa8"
        >
          <svg
            fill="none"
            height="1em"
            stroke="currentColor"
            stroke-linecap="round"
            stroke-linejoin="round"
            stroke-width="2"
            viewBox="0 0 24 24"
            width="1em"
            xmlns="http://www.w3.org/2000/svg"
          >
            <line
              x1="8"
              x2="21"
              y1="6"
              y2="6"
            />
            <line
              x1="8"
              x2="21"
              y1="12"
              y2="12"
            />
            <line
              x1="8"
              x2="21"
              y1="18"
              y2="18"
            />
            <line
              x1="3"
              x2="3.01"
              y1="6"
              y2="6"
            />
            <line
              x1="3"
              x2="3.01"
              y1="12"
              y2="12"
            />
            <line
              x1="3"
              x2="3.01"
              y1="18"
              y2="18"
            />
          </svg>
          <p>
            Транзакції
          </p>
        </div>
      </a>
    </div>
  </div>
</DocumentFragment>
`;
